16-Nov-23 09:49:25:INFO:root:line#:60:Dataset from weather.csv is imported
16-Nov-23 09:49:25:INFO:root:line#:69:Perfoming analytics on dataset
16-Nov-23 09:50:05:INFO:root:line#:96:Results exported
